test_set "a" to "5" threw a NSInvalidArgumentException exception
